// Jest Snapshot v1, https://goo.gl/fbAQLP

exports[`test yaml load 1`] = `
Object {
  "group": Object {
    "path": "/components/base",
    "title": "基础组件",
  },
  "nav": Object {
    "path": "/components",
    "title": "组件",
  },
  "title": "Button 按钮",
}
`;
